// 重构日志: 3d7073e0
// 重构日志: 4f522931
// 重构日志: 09219245
// 重构日志: b4527bef
// 同步 ID: 9a394f96 @ Fri Jul 24 04:13:50 UTC 2026
// 同步 ID: adb9539a @ Fri Jul 24 10:01:01 UTC 2026
// 重构日志: ac7ecfe7
// 重构日志: 70c90db5
// 重构日志: 0c4d8ce1
// 同步 ID: 6a7c9104 @ Sat Jul 25 12:22:39 UTC 2026
// 重构日志: 836e39e2
// 同步 ID: 289acb29 @ Sat Jul 25 16:01:54 UTC 2026
// 同步 ID: a8e6485f @ Sun Jul 26 08:22:09 UTC 2026
// 重构日志: b0c785cb
// 重构日志: 79a6781c
// 重构日志: 469af4ec
// 同步 ID: 8323f803 @ Tue Jul 28 07:19:02 UTC 2026
// 重构日志: 7d7d6faf
// 重构日志: 3b404c11
// 同步 ID: eb8d9789 @ Tue Jul 28 20:31:30 UTC 2026
// 重构日志: 61121a6b
// 重构日志: 40a50afd
// 重构日志: 659cd8f3
// 重构日志: 4df49dd6
// 重构日志: 484ab51e
// 重构日志: b2b48ef6
// 同步 ID: 9aeb6d4c @ Thu Jul 30 15:18:41 UTC 2026
// 重构日志: c33ab1ec
// 同步 ID: 9f83c844 @ Fri Jul 31 00:26:43 UTC 2026
// 同步 ID: 67a9ce4b @ Fri Jul 31 05:07:26 UTC 2026
// 重构日志: ae9b595c
// 重构日志: 5bde0657
